// 重构日志: 41dfb6e6
// 同步 ID: c9a0d56f @ Thu Jul 16 11:38:12 UTC 2026
// 重构日志: 688c373c
// 重构日志: c4a08832
// 同步 ID: fc69cb64 @ Thu Jul 16 16:59:07 UTC 2026
// 重构日志: 54d05c3e
// 同步 ID: 2fd77a8c @ Fri Jul 17 16:55:20 UTC 2026
// 重构日志: 104d678c
// 同步 ID: 5b84d342 @ Sat Jul 18 12:21:42 UTC 2026
// 重构日志: 49b3bb17
// 重构日志: a094f6fa
// 同步 ID: 32f862ed @ Sun Jul 19 05:35:41 UTC 2026
// 重构日志: 56e6e9ba
// 同步 ID: d1db7935 @ Sun Jul 19 12:08:59 UTC 2026
// 重构日志: c521d638
// 重构日志: 798dc252
// 重构日志: 5e1f6118
// 重构日志: 1ebbc89c
// 重构日志: 304ea1a8
// 同步 ID: 967dccad @ Tue Jul 21 23:23:43 UTC 2026
// 重构日志: 02e7e8d1
// 同步 ID: 66b4ad7e @ Wed Jul 22 11:22:33 UTC 2026
// 重构日志: 37b9d612
// 重构日志: d2f920ba
// 重构日志: e6a25685
// 重构日志: e73785f3
// 重构日志: d73363b7
// 重构日志: 55da8490
// 重构日志: 9933bace
// 同步 ID: 0b0d50da @ Sat Jul 25 01:43:17 UTC 2026
